// Jest Snapshot v1, https://goo.gl/fbAQLP

exports[`html测试 渲染测试 1`] = `ReactWrapper {}`;
